lib/STM32F1xx_HAL_Driver/Src/stm32f1xx_ll_rcc.c:188:6:LL_RCC_GetSystemClocksFreq	8	static
lib/STM32F1xx_HAL_Driver/Inc/stm32f1xx_ll_bus.h:445:22:LL_APB1_GRP1_EnableClock	8	static
lib/STM32F1xx_HAL_Driver/Inc/stm32f1xx_ll_bus.h:761:22:LL_APB2_GRP1_EnableClock	8	static
../Source/com.c:239:12:ComGetActiveInterfaceMaxRxLen	0	static
../Source/xcp.c:452:13:XcpSetCtoError	0	static
../Source/xcp.c:468:19:XcpGetOrderedLong	0	static
../Source/ARMCM3_STM32F1/timer.c:130:6:TimerUpdate	8	static
led.c:63:6:LedBlinkTask	16	static
../Source/ARMCM3_STM32F1/cpu.c:149:6:CpuMemCopy	24	static
../Source/ARMCM3_STM32F1/rs232.c:259:13:Rs232TransmitByte	16	static
lib/STM32F1xx_HAL_Driver/Src/stm32f1xx_hal_flash.c:824:19:FLASH_WaitForLastOperation.constprop	24	static
lib/STM32F1xx_HAL_Driver/Src/stm32f1xx_hal_flash.c:655:19:HAL_FLASH_Unlock.isra	0	static
../Source/ARMCM3_STM32F1/flash.c:664:17:FlashWriteBlock	40	static
../Source/ARMCM3_STM32F1/flash.c:541:25:FlashSwitchBlock	16	static
../Source/ARMCM3_STM32F1/flash.c:593:17:FlashAddToBlock	24	static
../Source/ARMCM3_STM32F1/flash.c:252:10:FlashWrite	8	static
../Source/ARMCM3_STM32F1/cpu.c:74:6:CpuStartUserProgram	0	static
../Source/backdoor.c:124:6:BackDoorCheck	16	static
../Source/xcp.c:202:6:XcpPacketReceived.constprop	72	static
lib/STM32F1xx_HAL_Driver/Src/stm32f1xx_ll_gpio.c:155:13:LL_GPIO_Init.isra	36	static
lib/system_stm32f1xx.c:176:6:SystemInit	0	static
main.c:55:5:main	40	static
main.c:259:6:SysTick_Handler	0	static
